#
# There is insufficient memory for the Java Runtime Environment to continue.
# Native memory allocation (mmap) failed to map 65536 bytes. Error detail: committing reserved memory.
# Possible reasons:
#   The system is out of physical RAM or swap space
#   This process is running with CompressedOops enabled, and the Java Heap may be blocking the growth of the native heap
# Possible solutions:
#   Reduce memory load on the system
#   Increase physical memory or swap space
#   Check if swap backing store is full
#   Decrease Java heap size (-Xmx/-Xms)
#   Decrease number of Java threads
#   Decrease Java thread stack sizes (-Xss)
#   Set larger code cache with -XX:ReservedCodeCacheSize=
#   JVM is running with Unscaled Compressed Oops mode in which the Java heap is
#     placed in the first 4GB address space. The Java Heap base address is the
#     maximum limit for the native heap growth. Please use -XX:HeapBaseMinAddress
#     to set the Java Heap base and to place the Java Heap above 4GB virtual address.
# This output file may be truncated or incomplete.
#
#  Out of Memory Error (os_linux.cpp:2834), pid=1066, tid=1068
#
# JRE version: OpenJDK Runtime Environment (17.0.20+8) (build 17.0.20+8-1-deb12u1-Debian)
# Java VM: OpenJDK 64-Bit Server VM (17.0.20+8-1-deb12u1-Debian, mixed mode, sharing, tiered, compressed oops, compressed class ptrs, g1 gc, linux-amd64)
# No core dump will be written. Core dumps have been disabled. To enable core dumping, try "ulimit -c unlimited" before starting Java again
#

---------------  S U M M A R Y ------------

Command Line: org.jetbrains.kotlin.cli.jvm.K2JVMCompiler @/workspace/node_modules/@react-native/gradle-plugin/shared/build/20260905_14161277206743395200.compiler.options

Host: Intel(R) Xeon(R) Processor @ 2.50GHz, 2 cores, 2G, Debian GNU/Linux 12 (bookworm)
Time: Sat Sep  5 13:59:27 2026 UTC elapsed time: 15.980746 seconds (0d 0h 0m 15s)

---------------  T H R E A D  ---------------

Current thread (0x00007f0a58018800):  JavaThread "main" [_thread_in_vm, id=1068, stack(0x00007f0a5cb67000,0x00007f0a5cc67000)]

Stack: [0x00007f0a5cb67000,0x00007f0a5cc67000],  sp=0x00007f0a5cc620f0,  free space=1004k
Native frames: (J=compiled Java code, j=interpreted, Vv=VM code, C=native code)
V  [libjvm.so+0xf21211]  VMError::report_and_die(int, char const*, char const*, __va_list_tag*, Thread*, unsigned char*, void*, void*, char const*, int, unsigned long)+0x171
V  [libjvm.so+0xf21d7d]  VMError::report_and_die(Thread*, char const*, int, unsigned long, VMErrorType, char const*, __va_list_tag*)+0x2d
V  [libjvm.so+0x60378c]  report_vm_out_of_memory(char const*, int, unsigned long, VMErrorType, char const*, ...)+0xdc
V  [libjvm.so+0xc29b20]  os::pd_commit_memory(char*, unsigned long, bool)+0xc0
V  [libjvm.so+0xc23e5d]  os::commit_memory(char*, unsigned long, bool)+0x1d
V  [libjvm.so+0xf18595]  metaspace::VirtualSpaceNode::commit_range(MetaWordImpl**, unsigned long)+0x135
V  [libjvm.so+0xba2c3f]  metaspace::Metachunk::ensure_committed(unsigned long)+0xef
V  [libjvm.so+0xba6019]  metaspace::MetaspaceArena::allocate(unsigned long)+0x159
V  [libjvm.so+0xba5378]  Metaspace::allocate(ClassLoaderData*, unsigned long, MetaspaceObj::Type, JavaThread*)+0x48
V  [libjvm.so+0xbb2f73]  Method::allocate(ClassLoaderData*, int, AccessFlags, InlineTableSizes*, ConstMethod::MethodType, JavaThread*)+0x63
V  [libjvm.so+0x576e93]  ClassFileParser::parse_method(ClassFileStream const*, bool, ConstantPool const*, AccessFlags*, JavaThread*)+0x16d3
V  [libjvm.so+0x577d28]  ClassFileParser::parse_methods(ClassFileStream const*, bool, AccessFlags*, bool*, bool*, JavaThread*)+0x158
V  [libjvm.so+0x57a670]  ClassFileParser::parse_stream(ClassFileStream const*, JavaThread*)+0x740
V  [libjvm.so+0x57b25a]  ClassFileParser::ClassFileParser(ClassFileStream*, Symbol*, ClassLoaderData*, ClassLoadInfo const*, ClassFileParser::Publicity, JavaThread*)+0x1aa
V  [libjvm.so+0xa60294]  KlassFactory::create_from_stream(ClassFileStream*, Symbol*, ClassLoaderData*, ClassLoadInfo const&, JavaThread*)+0x254
V  [libjvm.so+0x583aad]  ClassLoader::load_class(Symbol*, bool, JavaThread*)+0x18d
V  [libjvm.so+0xe57145]  SystemDictionary::load_instance_class_impl(Symbol*, Handle, JavaThread*)+0x3d5
V  [libjvm.so+0xe55798]  SystemDictionary::load_instance_class(unsigned int, Symbol*, Handle, JavaThread*)+0x28
V  [libjvm.so+0xe55ebb]  SystemDictionary::resolve_instance_class_or_null(Symbol*, Handle, Handle, JavaThread*)+0x5fb
V  [libjvm.so+0xe57956]  SystemDictionary::resolve_or_fail(Symbol*, Handle, Handle, bool, JavaThread*)+0x66
V  [libjvm.so+0x5f8241]  ConstantPool::klass_at_impl(constantPoolHandle const&, int, JavaThread*)+0x131
V  [libjvm.so+0x5f8f86]  ConstantPool::klass_ref_at(int, JavaThread*)+0x76
V  [libjvm.so+0xa92a85]  LinkInfo::LinkInfo(constantPoolHandle const&, int, JavaThread*)+0x35
V  [libjvm.so+0xa9952f]  LinkResolver::resolve_invoke(CallInfo&, Handle, constantPoolHandle const&, int, Bytecodes::Code, JavaThread*)+0x8f
V  [libjvm.so+0x823703]  InterpreterRuntime::resolve_invoke(JavaThread*, Bytecodes::Code)+0x173
V  [libjvm.so+0x823c43]  InterpreterRuntime::resolve_from_cache(JavaThread*, Bytecodes::Code)+0x33
j  java.lang.Math.floor(D)D+1 java.base@17.0.20
j  java.math.BigInteger.toString(I)Ljava/lang/String;+47 java.base@17.0.20
j  java.math.BigInteger.toString()Ljava/lang/String;+3 java.base@17.0.20
j  org.jetbrains.kotlin.config.MavenComparableVersion$IntegerItem.toString()Ljava/lang/String;+4
j  java.lang.String.valueOf(Ljava/lang/Object;)Ljava/lang/String;+11 java.base@17.0.20
j  java.lang.StringBuilder.append(Ljava/lang/Object;)Ljava/lang/StringBuilder;+2 java.base@17.0.20
j  org.jetbrains.kotlin.config.MavenComparableVersion$ListItem.toString()Ljava/lang/String;+60
j  org.jetbrains.kotlin.config.MavenComparableVersion.parseVersion(Ljava/lang/String;)V+382
j  org.jetbrains.kotlin.config.MavenComparableVersion.<init>(Ljava/lang/String;)V+6
j  org.jetbrains.kotlin.config.ApiVersion$Companion.parse(Ljava/lang/String;)Lorg/jetbrains/kotlin/config/ApiVersion;+16
j  org.jetbrains.kotlin.config.ApiVersion$Companion.createByLanguageVersion(Lorg/jetbrains/kotlin/config/LanguageVersion;)Lorg/jetbrains/kotlin/config/ApiVersion;+11
j  org.jetbrains.kotlin.config.ApiVersion.<clinit>()V+17
v  ~StubRoutines::call_stub
V  [libjvm.so+0x828c62]  JavaCalls::call_helper(JavaValue*, methodHandle const&, JavaCallArguments*, JavaThread*)+0x302
V  [libjvm.so+0x806180]  InstanceKlass::call_class_initializer(JavaThread*)+0x240
V  [libjvm.so+0x80876c]  InstanceKlass::initialize_impl(JavaThread*)+0x69c
V  [libjvm.so+0xa95d1c]  LinkResolver::resolve_field(fieldDescriptor&, LinkInfo const&, Bytecodes::Code, bool, JavaThread*)+0x17c
V  [libjvm.so+0xa9655d]  LinkResolver::resolve_field_access(fieldDescriptor&, constantPoolHandle const&, int, methodHandle const&, Bytecodes::Code, JavaThread*)+0xdd
V  [libjvm.so+0x823290]  InterpreterRuntime::resolve_get_put(JavaThread*, Bytecodes::Code)+0x170
V  [libjvm.so+0x823d8d]  InterpreterRuntime::resolve_from_cache(JavaThread*, Bytecodes::Code)+0x17d
j  org.jetbrains.kotlin.config.LanguageFeature.<init>(Ljava/lang/String;ILorg/jetbrains/kotlin/config/LanguageVersion;Lorg/jetbrains/kotlin/config/ApiVersion;Ljava/lang/String;ZLorg/jetbrains/kotlin/config/LanguageFeature$Kind;ILkotlin/jvm/internal/DefaultConstructorMarker;)V+7
j  org.jetbrains.kotlin.config.LanguageFeature.<clinit>()V+18
v  ~StubRoutines::call_stub
V  [libjvm.so+0x828c62]  JavaCalls::call_helper(JavaValue*, methodHandle const&, JavaCallArguments*, JavaThread*)+0x302
V  [libjvm.so+0x806180]  InstanceKlass::call_class_initializer(JavaThread*)+0x240
V  [libjvm.so+0x80876c]  InstanceKlass::initialize_impl(JavaThread*)+0x69c
V  [libjvm.so+0xcb9e77]  invoke(InstanceKlass*, methodHandle const&, Handle, bool, objArrayHandle, BasicType, objArrayHandle, bool, JavaThread*) [clone .constprop.0]+0x87
V  [libjvm.so+0xcbb274]  Reflection::invoke_method(oopDesc*, Handle, objArrayHandle, JavaThread*)+0x134
V  [libjvm.so+0x904080]  JVM_InvokeMethod+0x140
j  jdk.internal.reflect.NativeMethodAccessorImpl.invoke0(Ljava/lang/reflect/Method;Ljava/lang/Object;[Ljava/lang/Object;)Ljava/lang/Object;+0 java.base@17.0.20
j  jdk.internal.reflect.NativeMethodAccessorImpl.invoke(Ljava/lang/Object;[Ljava/lang/Object;)Ljava/lang/Object;+133 java.base@17.0.20
j  jdk.internal.reflect.DelegatingMethodAccessorImpl.invoke(Ljava/lang/Object;[Ljava/lang/Object;)Ljava/lang/Object;+6 java.base@17.0.20
j  java.lang.reflect.Method.invoke(Ljava/lang/Object;[Ljava/lang/Object;)Ljava/lang/Object;+59 java.base@17.0.20
j  java.lang.Class.getEnumConstantsShared()[Ljava/lang/Object;+49 java.base@17.0.20
j  java.lang.Class.enumConstantDirectory()Ljava/util/Map;+10 java.base@17.0.20
j  java.lang.Enum.valueOf(Ljava/lang/Class;Ljava/lang/String;)Ljava/lang/Enum;+1 java.base@17.0.20
j  sun.reflect.annotation.AnnotationParser.parseEnumValue(Ljava/lang/Class;Ljava/nio/ByteBuffer;Ljdk/internal/reflect/ConstantPool;Ljava/lang/Class;)Ljava/lang/Object;+106 java.base@17.0.20
j  sun.reflect.annotation.AnnotationParser.parseMemberValue(Ljava/lang/Class;Ljava/nio/ByteBuffer;Ljdk/internal/reflect/ConstantPool;Ljava/lang/Class;)Ljava/lang/Object;+56 java.base@17.0.20
j  sun.reflect.annotation.AnnotationParser.parseAnnotation2(Ljava/nio/ByteBuffer;Ljdk/internal/reflect/ConstantPool;Ljava/lang/Class;Z[Ljava/lang/Class;)Ljava/lang/annotation/Annotation;+208 java.base@17.0.20
j  sun.reflect.annotation.AnnotationParser.parseAnnotations2([BLjdk/internal/reflect/ConstantPool;Ljava/lang/Class;[Ljava/lang/Class;)Ljava/util/Map;+41 java.base@17.0.20
j  sun.reflect.annotation.AnnotationParser.parseAnnotations([BLjdk/internal/reflect/ConstantPool;Ljava/lang/Class;)Ljava/util/Map;+12 java.base@17.0.20
j  java.lang.reflect.Field.declaredAnnotations()Ljava/util/Map;+59 java.base@17.0.20
j  java.lang.reflect.Field.declaredAnnotations()Ljava/util/Map;+32 java.base@17.0.20
j  java.lang.reflect.Field.getAnnotation(Ljava/lang/Class;)Ljava/lang/annotation/Annotation;+7 java.base@17.0.20
j  org.jetbrains.kotlin.cli.common.arguments.ParseCommandLineArgumentsKt.getArguments(Ljava/lang/Class;)Ljava/util/Map;+106
j  org.jetbrains.kotlin.cli.common.arguments.ParseCommandLineArgumentsKt.getArguments(Ljava/lang/Class;)Ljava/util/Map;+63
j  org.jetbrains.kotlin.cli.common.arguments.ParseCommandLineArgumentsKt.parsePreprocessedCommandLineArguments(Ljava/util/List;Lorg/jetbrains/kotlin/cli/common/arguments/CommonToolArguments;Lkotlin/Lazy;Z)V+4
j  org.jetbrains.kotlin.cli.common.arguments.ParseCommandLineArgumentsKt.parseCommandLineArguments(Ljava/util/List;Lorg/jetbrains/kotlin/cli/common/arguments/CommonToolArguments;Z)V+34
j  org.jetbrains.kotlin.cli.common.arguments.ParseCommandLineArgumentsKt.parseCommandLineArguments$default(Ljava/util/List;Lorg/jetbrains/kotlin/cli/common/arguments/CommonToolArguments;ZILjava/lang/Object;)V+11
j  org.jetbrains.kotlin.cli.common.CLICompiler.exec(Ljava/io/PrintStream;Lorg/jetbrains/kotlin/config/Services;Lorg/jetbrains/kotlin/cli/common/messages/MessageRenderer;[Ljava/lang/String;)Lorg/jetbrains/kotlin/cli/common/ExitCode;+45
j  org.jetbrains.kotlin.cli.common.CLICompiler.exec(Ljava/io/PrintStream;Lorg/jetbrains/kotlin/cli/common/messages/MessageRenderer;[Ljava/lang/String;)Lorg/jetbrains/kotlin/cli/common/ExitCode;+26
j  org.jetbrains.kotlin.cli.common.CLICompiler$Companion.doMainNoExit(Lorg/jetbrains/kotlin/cli/common/CLICompiler;[Ljava/lang/String;Lorg/jetbrains/kotlin/cli/common/messages/MessageRenderer;)Lorg/jetbrains/kotlin/cli/common/ExitCode;+39
j  org.jetbrains.kotlin.cli.common.CLICompiler$Companion.doMainNoExit$default(Lorg/jetbrains/kotlin/cli/common/CLICompiler$Companion;Lorg/jetbrains/kotlin/cli/common/CLICompiler;[Ljava/lang/String;Lorg/jetbrains/kotlin/cli/common/messages/MessageRenderer;ILjava/lang/Object;)Lorg/jetbrains/kotlin/cli/common/ExitCode;+16
j  org.jetbrains.kotlin.cli.common.CLICompiler$Companion.doMain(Lorg/jetbrains/kotlin/cli/common/CLICompiler;[Ljava/lang/String;)V+54
j  org.jetbrains.kotlin.cli.jvm.K2JVMCompiler$Companion.main([Ljava/lang/String;)V+20
j  org.jetbrains.kotlin.cli.jvm.K2JVMCompiler.main([Ljava/lang/String;)V+4
v  ~StubRoutines::call_stub
V  [libjvm.so+0x828c62]  JavaCalls::call_helper(JavaValue*, methodHandle const&, JavaCallArguments*, JavaThread*)+0x302
V  [libjvm.so+0x8c097a]  jni_invoke_static(JNIEnv_*, JavaValue*, _jobject*, JNICallType, _jmethodID*, JNI_ArgumentPusher*, JavaThread*) [clone .constprop.1]+0x3aa
V  [libjvm.so+0x8d22ef]  jni_CallStaticVoidMethod+0x24f
C  [libjli.so+0x45a2]  JavaMain+0xd92
C  [libjli.so+0x7b69]  ThreadJavaMain+0x9

Java frames: (J=compiled Java code, j=interpreted, Vv=VM code)
j  java.lang.Math.floor(D)D+1 java.base@17.0.20
j  java.math.BigInteger.toString(I)Ljava/lang/String;+47 java.base@17.0.20
j  java.math.BigInteger.toString()Ljava/lang/String;+3 java.base@17.0.20
j  org.jetbrains.kotlin.config.MavenComparableVersion$IntegerItem.toString()Ljava/lang/String;+4
j  java.lang.String.valueOf(Ljava/lang/Object;)Ljava/lang/String;+11 java.base@17.0.20
j  java.lang.StringBuilder.append(Ljava/lang/Object;)Ljava/lang/StringBuilder;+2 java.base@17.0.20
j  org.jetbrains.kotlin.config.MavenComparableVersion$ListItem.toString()Ljava/lang/String;+60
j  org.jetbrains.kotlin.config.MavenComparableVersion.parseVersion(Ljava/lang/String;)V+382
j  org.jetbrains.kotlin.config.MavenComparableVersion.<init>(Ljava/lang/String;)V+6
j  org.jetbrains.kotlin.config.ApiVersion$Companion.parse(Ljava/lang/String;)Lorg/jetbrains/kotlin/config/ApiVersion;+16
j  org.jetbrains.kotlin.config.ApiVersion$Companion.createByLanguageVersion(Lorg/jetbrains/kotlin/config/LanguageVersion;)Lorg/jetbrains/kotlin/config/ApiVersion;+11
j  org.jetbrains.kotlin.config.ApiVersion.<clinit>()V+17
v  ~StubRoutines::call_stub
j  org.jetbrains.kotlin.config.LanguageFeature.<init>(Ljava/lang/String;ILorg/jetbrains/kotlin/config/LanguageVersion;Lorg/jetbrains/kotlin/config/ApiVersion;Ljava/lang/String;ZLorg/jetbrains/kotlin/config/LanguageFeature$Kind;ILkotlin/jvm/internal/DefaultConstructorMarker;)V+7
j  org.jetbrains.kotlin.config.LanguageFeature.<clinit>()V+18
v  ~StubRoutines::call_stub
j  jdk.internal.reflect.NativeMethodAccessorImpl.invoke0(Ljava/lang/reflect/Method;Ljava/lang/Object;[Ljava/lang/Object;)Ljava/lang/Object;+0 java.base@17.0.20
j  jdk.internal.reflect.NativeMethodAccessorImpl.invoke(Ljava/lang/Object;[Ljava/lang/Object;)Ljava/lang/Object;+133 java.base@17.0.20
j  jdk.internal.reflect.DelegatingMethodAccessorImpl.invoke(Ljava/lang/Object;[Ljava/lang/Object;)Ljava/lang/Object;+6 java.base@17.0.20
j  java.lang.reflect.Method.invoke(Ljava/lang/Object;[Ljava/lang/Object;)Ljava/lang/Object;+59 java.base@17.0.20
j  java.lang.Class.getEnumConstantsShared()[Ljava/lang/Object;+49 java.base@17.0.20
j  java.lang.Class.enumConstantDirectory()Ljava/util/Map;+10 java.base@17.0.20
j  java.lang.Enum.valueOf(Ljava/lang/Class;Ljava/lang/String;)Ljava/lang/Enum;+1 java.base@17.0.20
j  sun.reflect.annotation.AnnotationParser.parseEnumValue(Ljava/lang/Class;Ljava/nio/ByteBuffer;Ljdk/internal/reflect/ConstantPool;Ljava/lang/Class;)Ljava/lang/Object;+106 java.base@17.0.20
j  sun.reflect.annotation.AnnotationParser.parseMemberValue(Ljava/lang/Class;Ljava/nio/ByteBuffer;Ljdk/internal/reflect/ConstantPool;Ljava/lang/Class;)Ljava/lang/Object;+56 java.base@17.0.20
j  sun.reflect.annotation.AnnotationParser.parseAnnotation2(Ljava/nio/ByteBuffer;Ljdk/internal/reflect/ConstantPool;Ljava/lang/Class;Z[Ljava/lang/Class;)Ljava/lang/annotation/Annotation;+208 java.base@17.0.20
j  sun.reflect.annotation.AnnotationParser.parseAnnotations2([BLjdk/internal/reflect/ConstantPool;Ljava/lang/Class;[Ljava/lang/Class;)Ljava/util/Map;+41 java.base@17.0.20
j  sun.reflect.annotation.AnnotationParser.parseAnnotations([BLjdk/internal/reflect/ConstantPool;Ljava/lang/Class;)Ljava/util/Map;+12 java.base@17.0.20
j  java.lang.reflect.Field.declaredAnnotations()Ljava/util/Map;+59 java.base@17.0.20
j  java.lang.reflect.Field.declaredAnnotations()Ljava/util/Map;+32 java.base@17.0.20
j  java.lang.reflect.Field.getAnnotation(Ljava/lang/Class;)Ljava/lang/annotation/Annotation;+7 java.base@17.0.20
j  org.jetbrains.kotlin.cli.common.arguments.ParseCommandLineArgumentsKt.getArguments(Ljava/lang/Class;)Ljava/util/Map;+106
j  org.jetbrains.kotlin.cli.common.arguments.ParseCommandLineArgumentsKt.getArguments(Ljava/lang/Class;)Ljava/util/Map;+63
j  org.jetbrains.kotlin.cli.common.arguments.ParseCommandLineArgumentsKt.parsePreprocessedCommandLineArguments(Ljava/util/List;Lorg/jetbrains/kotlin/cli/common/arguments/CommonToolArguments;Lkotlin/Lazy;Z)V+4
j  org.jetbrains.kotlin.cli.common.arguments.ParseCommandLineArgumentsKt.parseCommandLineArguments(Ljava/util/List;Lorg/jetbrains/kotlin/cli/common/arguments/CommonToolArguments;Z)V+34
j  org.jetbrains.kotlin.cli.common.arguments.ParseCommandLineArgumentsKt.parseCommandLineArguments$default(Ljava/util/List;Lorg/jetbrains/kotlin/cli/common/arguments/CommonToolArguments;ZILjava/lang/Object;)V+11
j  org.jetbrains.kotlin.cli.common.CLICompiler.exec(Ljava/io/PrintStream;Lorg/jetbrains/kotlin/config/Services;Lorg/jetbrains/kotlin/cli/common/messages/MessageRenderer;[Ljava/lang/String;)Lorg/jetbrains/kotlin/cli/common/ExitCode;+45
j  org.jetbrains.kotlin.cli.common.CLICompiler.exec(Ljava/io/PrintStream;Lorg/jetbrains/kotlin/cli/common/messages/MessageRenderer;[Ljava/lang/String;)Lorg/jetbrains/kotlin/cli/common/ExitCode;+26
j  org.jetbrains.kotlin.cli.common.CLICompiler$Companion.doMainNoExit(Lorg/jetbrains/kotlin/cli/common/CLICompiler;[Ljava/lang/String;Lorg/jetbrains/kotlin/cli/common/messages/MessageRenderer;)Lorg/jetbrains/kotlin/cli/common/ExitCode;+39
j  org.jetbrains.kotlin.cli.common.CLICompiler$Companion.doMainNoExit$default(Lorg/jetbrains/kotlin/cli/common/CLICompiler$Companion;Lorg/jetbrains/kotlin/cli/common/CLICompiler;[Ljava/lang/String;Lorg/jetbrains/kotlin/cli/common/messages/MessageRenderer;ILjava/lang/Object;)Lorg/jetbrains/kotlin/cli/common/ExitCode;+16
j  org.jetbrains.kotlin.cli.common.CLICompiler$Companion.doMain(Lorg/jetbrains/kotlin/cli/common/CLICompiler;[Ljava/lang/String;)V+54
j  org.jetbrains.kotlin.cli.jvm.K2JVMCompiler$Companion.main([Ljava/lang/String;)V+20
j  org.jetbrains.kotlin.cli.jvm.K2JVMCompiler.main([Ljava/lang/String;)V+4
v  ~StubRoutines::call_stub

---------------  P R O C E S S  ---------------

Threads class SMR info:
_java_thread_list=0x00007f0a580b0350, length=11, elements={
0x00007f0a58018800, 0x00007f0a58095740, 0x00007f0a58096b20, 0x00007f0a5809d730,
0x00007f0a5809eae0, 0x00007f0a5809fef0, 0x00007f0a580a18a0, 0x00007f0a580a2dd0,
0x00007f0a580a4240, 0x00007f0a580ac390, 0x00007f0a580af3c0
}

Java Threads: ( => current thread )
=>0x00007f0a58018800 JavaThread "main" [_thread_in_vm, id=1068, stack(0x00007f0a5cb67000,0x00007f0a5cc67000)]
  0x00007f0a58095740 JavaThread "Reference Handler" daemon [_thread_blocked, id=1075, stack(0x00007f0a31dff000,0x00007f0a31eff000)]
  0x00007f0a58096b20 JavaThread "Finalizer" daemon [_thread_blocked, id=1076, stack(0x00007f0a31cfe000,0x00007f0a31dfe000)]
  0x00007f0a5809d730 JavaThread "Signal Dispatcher" daemon [_thread_blocked, id=1077, stack(0x00007f0a31ba6000,0x00007f0a31ca6000)]
  0x00007f0a5809eae0 JavaThread "Service Thread" daemon [_thread_blocked, id=1078, stack(0x00007f0a31aa5000,0x00007f0a31ba5000)]
  0x00007f0a5809fef0 JavaThread "Monitor Deflation Thread" daemon [_thread_blocked, id=1079, stack(0x00007f0a319a4000,0x00007f0a31aa4000)]
  0x00007f0a580a18a0 JavaThread "C2 CompilerThread0" daemon [_thread_blocked, id=1080, stack(0x00007f0a318a3000,0x00007f0a319a3000)]
  0x00007f0a580a2dd0 JavaThread "C1 CompilerThread0" daemon [_thread_blocked, id=1081, stack(0x00007f0a317a2000,0x00007f0a318a2000)]
  0x00007f0a580a4240 JavaThread "Sweeper thread" daemon [_thread_blocked, id=1082, stack(0x00007f0a316a1000,0x00007f0a317a1000)]
  0x00007f0a580ac390 JavaThread "Notification Thread" daemon [_thread_blocked, id=1083, stack(0x00007f0a315a0000,0x00007f0a316a0000)]
  0x00007f0a580af3c0 JavaThread "Common-Cleaner" daemon [_thread_blocked, id=1085, stack(0x00007f0a3139e000,0x00007f0a3149e000)]

Other Threads:
  0x00007f0a58091770 VMThread "VM Thread" [stack: 0x00007f0a31f00000,0x00007f0a32000000] [id=1074]
  0x00007f0a580adcd0 WatcherThread [stack: 0x00007f0a3149f000,0x00007f0a3159f000] [id=1084]
  0x00007f0a58046350 GCTaskThread "GC Thread#0" [stack: 0x00007f0a5c33b000,0x00007f0a5c43b000] [id=1069]
  0x00007f09dc0049b0 GCTaskThread "GC Thread#1" [stack: 0x00007f0a3126c000,0x00007f0a3136c000] [id=1086]
  0x00007f0a5804b930 ConcurrentGCThread "G1 Main Marker" [stack: 0x00007f0a5c23a000,0x00007f0a5c33a000] [id=1070]
  0x00007f0a5804c8a0 ConcurrentGCThread "G1 Conc#0" [stack: 0x00007f0a5c139000,0x00007f0a5c239000] [id=1071]
  0x00007f0a5806b4d0 ConcurrentGCThread "G1 Refine#0" [stack: 0x00007f0a40310000,0x00007f0a40410000] [id=1072]
  0x00007f0a5806c3d0 ConcurrentGCThread "G1 Service" [stack: 0x00007f0a4020f000,0x00007f0a4030f000] [id=1073]

Threads with active compile tasks:

VM state: not at safepoint (normal execution)

VM Mutex/Monitor currently owned by a thread:  ([mutex/lock_event])
[0x00007f0a58014870] Metaspace_lock - owner thread: 0x00007f0a58018800

Heap address: 0x00000000e0000000, size: 512 MB, Compressed Oops mode: 32-bit

CDS archive(s) mapped at: [0x00007f09e3000000-0x00007f09e3bca000-0x00007f09e3bca000), size 12361728, SharedBaseAddress: 0x00007f09e3000000, ArchiveRelocationMode: 1.
Compressed class space mapped at: 0x00007f09e4000000-0x00007f0a24000000, reserved size: 1073741824
Narrow klass base: 0x00007f09e3000000, Narrow klass shift: 0, Narrow klass range: 0x100000000

GC Precious Log:
 CPUs: 2 total, 2 available
 Memory: 2048M
 Large Page Support: Disabled
 NUMA Support: Disabled
 Compressed Oops: Enabled (32-bit)
 Heap Region Size: 1M
 Heap Min Capacity: 8M
 Heap Initial Capacity: 32M
 Heap Max Capacity: 512M
 Pre-touch: Disabled
 Parallel Workers: 2
 Concurrent Workers: 1
 Concurrent Refinement Workers: 2
 Periodic GC: Disabled

Heap:
 garbage-first heap   total 34816K, used 8659K [0x00000000e0000000, 0x0000000100000000)
  region size 1024K, 5 young (5120K), 1 survivors (1024K)
 Metaspace       used 3345K, committed 3456K, reserved 1114112K
  class space    used 223K, committed 320K, reserved 1048576K

Heap Regions: E=young(eden), S=young(survivor), O=old, HS=humongous(starts), HC=humongous(continues), CS=collection set, F=free, OA=open archive, CA=closed archive, TAMS=top-at-mark-start (previous, next)
|   0|0x00000000e0000000, 0x00000000e0100000, 0x00000000e0100000|100%|HS|  |TAMS 0x00000000e0000000, 0x00000000e0000000| Complete 
|   1|0x00000000e0100000, 0x00000000e0200000, 0x00000000e0200000|100%|HC|  |TAMS 0x00000000e0100000, 0x00000000e0100000| Complete 
|   2|0x00000000e0200000, 0x00000000e0300000, 0x00000000e0300000|100%|HC|  |TAMS 0x00000000e0200000, 0x00000000e0200000| Complete 
|   3|0x00000000e0300000, 0x00000000e0387c00, 0x00000000e0400000| 53%| O|  |TAMS 0x00000000e0300000, 0x00000000e0300000| Untracked 
|   4|0x00000000e0400000, 0x00000000e0500000, 0x00000000e0500000|100%|HS|  |TAMS 0x00000000e0400000, 0x00000000e0400000| Complete 
|   5|0x00000000e0500000, 0x00000000e0500000, 0x00000000e0600000|  0%| F|  |TAMS 0x00000000e0500000, 0x00000000e0500000| Untracked 
|   6|0x00000000e0600000, 0x00000000e0600000, 0x00000000e0700000|  0%| F|  |TAMS 0x00000000e0600000, 0x00000000e0600000| Untracked 
|   7|0x00000000e0700000, 0x00000000e0700000, 0x00000000e0800000|  0%| F|  |TAMS 0x00000000e0700000, 0x00000000e0700000| Untracked 
|   8|0x00000000e0800000, 0x00000000e0800000, 0x00000000e0900000|  0%| F|  |TAMS 0x00000000e0800000, 0x00000000e0800000| Untracked 
|   9|0x00000000e0900000, 0x00000000e0900000, 0x00000000e0a00000|  0%| F|  |TAMS 0x00000000e0900000, 0x00000000e0900000| Untracked 
|  10|0x00000000e0a00000, 0x00000000e0a00000, 0x00000000e0b00000|  0%| F|  |TAMS 0x00000000e0a00000, 0x00000000e0a00000| Untracked 
|  11|0x00000000e0b00000, 0x00000000e0b00000, 0x00000000e0c00000|  0%| F|  |TAMS 0x00000000e0b00000, 0x00000000e0b00000| Untracked 
|  12|0x00000000e0c00000, 0x00000000e0c00000, 0x00000000e0d00000|  0%| F|  |TAMS 0x00000000e0c00000, 0x00000000e0c00000| Untracked 
|  13|0x00000000e0d00000, 0x00000000e0d00000, 0x00000000e0e00000|  0%| F|  |TAMS 0x00000000e0d00000, 0x00000000e0d00000| Untracked 
|  14|0x00000000e0e00000, 0x00000000e0e00000, 0x00000000e0f00000|  0%| F|  |TAMS 0x00000000e0e00000, 0x00000000e0e00000| Untracked 
|  15|0x00000000e0f00000, 0x00000000e0f00000, 0x00000000e1000000|  0%| F|  |TAMS 0x00000000e0f00000, 0x00000000e0f00000| Untracked 
|  16|0x00000000e1000000, 0x00000000e1000000, 0x00000000e1100000|  0%| F|  |TAMS 0x00000000e1000000, 0x00000000e1000000| Untracked 
|  17|0x00000000e1100000, 0x00000000e1100000, 0x00000000e1200000|  0%| F|  |TAMS 0x00000000e1100000, 0x00000000e1100000| Untracked 
|  18|0x00000000e1200000, 0x00000000e1200000, 0x00000000e1300000|  0%| F|  |TAMS 0x00000000e1200000, 0x00000000e1200000| Untracked 
|  19|0x00000000e1300000, 0x00000000e1300000, 0x00000000e1400000|  0%| F|  |TAMS 0x00000000e1300000, 0x00000000e1300000| Untracked 
|  20|0x00000000e1400000, 0x00000000e1400000, 0x00000000e1500000|  0%| F|  |TAMS 0x00000000e1400000, 0x00000000e1400000| Untracked 
|  21|0x00000000e1500000, 0x00000000e1500000, 0x00000000e1600000|  0%| F|  |TAMS 0x00000000e1500000, 0x00000000e1500000| Untracked 
|  22|0x00000000e1600000, 0x00000000e1600000, 0x00000000e1700000|  0%| F|  |TAMS 0x00000000e1600000, 0x00000000e1600000| Untracked 
|  23|0x00000000e1700000, 0x00000000e1700000, 0x00000000e1800000|  0%| F|  |TAMS 0x00000000e1700000, 0x00000000e1700000| Untracked 
|  24|0x00000000e1800000, 0x00000000e1800000, 0x00000000e1900000|  0%| F|  |TAMS 0x00000000e1800000, 0x00000000e1800000| Untracked 
|  25|0x00000000e1900000, 0x00000000e1a00000, 0x00000000e1a00000|100%| S|CS|TAMS 0x00000000e1900000, 0x00000000e1900000| Complete 
|  26|0x00000000e1a00000, 0x00000000e1a00000, 0x00000000e1b00000|  0%| F|  |TAMS 0x00000000e1a00000, 0x00000000e1a00000| Untracked 
|  27|0x00000000e1b00000, 0x00000000e1b00000, 0x00000000e1c00000|  0%| F|  |TAMS 0x00000000e1b00000, 0x00000000e1b00000| Untracked 
|  28|0x00000000e1c00000, 0x00000000e1c47998, 0x00000000e1d00000| 27%| E|  |TAMS 0x00000000e1c00000, 0x00000000e1c00000| Complete 
|  29|0x00000000e1d00000, 0x00000000e1e00000, 0x00000000e1e00000|100%| E|  |TAMS 0x00000000e1d00000, 0x00000000e1d00000| Complete 
|  30|0x00000000e1e00000, 0x00000000e1f00000, 0x00000000e1f00000|100%| E|CS|TAMS 0x00000000e1e00000, 0x00000000e1e00000| Complete 
|  31|0x00000000e1f00000, 0x00000000e2000000, 0x00000000e2000000|100%| E|CS|TAMS 0x00000000e1f00000, 0x00000000e1f00000| Complete 
| 510|0x00000000ffe00000, 0x00000000ffe75000, 0x00000000fff00000| 45%|OA|  |TAMS 0x00000000ffe00000, 0x00000000ffe00000| Untracked 
| 511|0x00000000fff00000, 0x00000000fff78000, 0x0000000100000000| 46%|CA|  |TAMS 0x00000000fff00000, 0x00000000fff00000| Untracked 

Card table byte_map: [0x00007f0a5c54d000,0x00007f0a5c64d000] _byte_map_base: 0x00007f0a5be4d000

Marking Bits (Prev, Next): (CMBitMap*) 0x00007f0a58046de0, (CMBitMap*) 0x00007f0a58046e20
 Prev Bits: [0x00007f0a40d11000, 0x00007f0a41511000)
 Next Bits: [0x00007f0a40511000, 0x00007f0a40d11000)

Polling page: 0x00007f0a5e504000

Metaspace:

Usage:
  Non-class:      3.05 MB used.
      Class:    223.91 KB used.
       Both:      3.27 MB used.

Virtual space:
  Non-class space:       64.00 MB reserved,       3.06 MB (  5%) committed,  1 nodes.
      Class space:        1.00 GB reserved,     320.00 KB ( <1%) committed,  1 nodes.
             Both:        1.06 GB reserved,       3.38 MB ( <1%) committed. 

Chunk freelists:
   Non-Class:  9.88 MB
       Class:  15.61 MB
        Both:  25.48 MB

MaxMetaspaceSize: unlimited
CompressedClassSpaceSize: 1.00 GB
Initial GC threshold: 21.00 MB
Current GC threshold: 21.00 MB
CDS: on
MetaspaceReclaimPolicy: balanced
 - commit_granule_bytes: 65536.
 - commit_granule_words: 8192.
 - virtual_space_node_default_size: 8388608.
 - enlarge_chunks_in_place: 1.
 - new_chunks_are_fully_committed: 0.
 - uncommit_free_chunks: 1.
 - use_allocation_guard: 0.
 - handle_deallocations: 1.


Internal statistics:

num_allocs_failed_limit: 0.
num_arena_births: 8.
num_arena_deaths: 0.
num_vsnodes_births: 2.
num_vsnodes_deaths: 0.
num_space_committed: 54.
num_space_uncommitted: 0.
num_chunks_returned_to_freelist: 0.
num_chunks_taken_from_freelist: 97.
num_chunk_merges: 0.
num_chunk_splits: 79.
num_chunks_enlarged: 71.
num_inconsistent_stats: 0.

CodeHeap 'non-profiled nmethods': size=120036Kb used=110Kb max_used=110Kb free=119925Kb
 bounds [0x00007f0a48fd8000, 0x00007f0a49248000, 0x00007f0a50511000]
CodeHeap 'profiled nmethods': size=120032Kb used=492Kb max_used=492Kb free=119539Kb
 bounds [0x00007f0a41511000, 0x00007f0a41781000, 0x00007f0a48a49000]
CodeHeap 'non-nmethods': size=5692Kb used=1137Kb max_used=1151Kb free=4554Kb
 bounds [0x00007f0a48a49000, 0x00007f0a48cb9000, 0x00007f0a48fd8000]
 total_blobs=757 nmethods=342 adapters=329
 compilation: enabled
              stopped_count=0, restarted_count=0
 full_count=0

Compilation events (20 events):
Event: 8.689 Thread 0x00007f0a580a2dd0 nmethod 334 0x00007f0a48ff2590 code [0x00007f0a48ff2720, 0x00007f0a48ff27f0]
Event: 8.689 Thread 0x00007f0a580a2dd0  337       1       java.util.LinkedHashMap::removeEldestEntry (2 bytes)
Event: 8.689 Thread 0x00007f0a580a2dd0 nmethod 337 0x00007f0a48ff2890 code [0x00007f0a48ff2a20, 0x00007f0a48ff2af0]
Event: 8.689 Thread 0x00007f0a580a2dd0  338       1       java.lang.reflect.Method::getReturnType (5 bytes)
Event: 8.689 Thread 0x00007f0a580a2dd0 nmethod 338 0x00007f0a48ff2b90 code [0x00007f0a48ff2d20, 0x00007f0a48ff2df0]
Event: 8.881 Thread 0x00007f0a580a18a0 nmethod 339 0x00007f0a48ff2e90 code [0x00007f0a48ff3020, 0x00007f0a48ff3258]
Event: 9.086 Thread 0x00007f0a580a18a0  341       4       java.lang.String::hashCode (60 bytes)
Event: 9.169 Thread 0x00007f0a580a2dd0  342       3       java.util.ArrayList::add (25 bytes)
Event: 9.176 Thread 0x00007f0a580a2dd0 nmethod 342 0x00007f0a41589790 code [0x00007f0a41589960, 0x00007f0a41589d80]
Event: 9.179 Thread 0x00007f0a580a2dd0  343       3       java.util.ArrayList::add (23 bytes)
Event: 9.193 Thread 0x00007f0a580a2dd0 nmethod 343 0x00007f0a41589f10 code [0x00007f0a4158a0e0, 0x00007f0a4158a4a0]
Event: 9.277 Thread 0x00007f0a580a2dd0  344       3       java.nio.Buffer::nextGetIndex (32 bytes)
Event: 9.382 Thread 0x00007f0a580a2dd0 nmethod 344 0x00007f0a4158a610 code [0x00007f0a4158a7c0, 0x00007f0a4158a980]
Event: 9.393 Thread 0x00007f0a580a2dd0  345       3       java.nio.HeapByteBuffer::byteOffset (7 bytes)
Event: 9.571 Thread 0x00007f0a580a2dd0 nmethod 345 0x00007f0a4158aa90 code [0x00007f0a4158ac20, 0x00007f0a4158ad30]
Event: 9.593 Thread 0x00007f0a580a18a0 nmethod 341 0x00007f0a48ff3410 code [0x00007f0a48ff35a0, 0x00007f0a48ff37b8]
Event: 10.178 Thread 0x00007f0a580a2dd0  347   !   3       java.util.zip.ZipFile$Source::readFullyAt (74 bytes)
Event: 10.192 Thread 0x00007f0a580a2dd0 nmethod 347 0x00007f0a4158ad90 code [0x00007f0a4158afa0, 0x00007f0a4158b560]
Event: 13.391 Thread 0x00007f0a580a2dd0  348       3       java.util.zip.ZipFile$ZipFileInflaterInputStream::fill (80 bytes)
Event: 13.680 Thread 0x00007f0a580a2dd0 nmethod 348 0x00007f0a4158b990 code [0x00007f0a4158bb80, 0x00007f0a4158bee0]

GC Heap History (2 events):
Event: 0.988 GC heap before
{Heap before GC invocations=0 (full 0):
 garbage-first heap   total 34816K, used 9140K [0x00000000e0000000, 0x0000000100000000)
  region size 1024K, 6 young (6144K), 0 survivors (0K)
 Metaspace       used 1532K, committed 1664K, reserved 1114112K
  class space    used 112K, committed 192K, reserved 1048576K
}
Event: 0.996 GC heap after
{Heap after GC invocations=1 (full 0):
 garbage-first heap   total 34816K, used 5587K [0x00000000e0000000, 0x0000000100000000)
  region size 1024K, 1 young (1024K), 1 survivors (1024K)
 Metaspace       used 1532K, committed 1664K, reserved 1114112K
  class space    used 112K, committed 192K, reserved 1048576K
}

Dll operation events (6 events):
Event: 0.064 Loaded shared library /usr/lib/jvm/java-17-openjdk-amd64/lib/libjava.so
Event: 0.178 Loaded shared library /usr/lib/jvm/java-17-openjdk-amd64/lib/libjsvml.so
Event: 0.265 Loaded shared library /usr/lib/jvm/java-17-openjdk-amd64/lib/libnio.so
Event: 0.366 Loaded shared library /usr/lib/jvm/java-17-openjdk-amd64/lib/libzip.so
Event: 0.416 Loaded shared library /usr/lib/jvm/java-17-openjdk-amd64/lib/libjimage.so
Event: 0.798 Loaded shared library /tmp/jansi-2.4.0-310ae7afdb5b815a-libjansi.so

Deoptimization events (20 events):
Event: 0.304 Thread 0x00007f0a58018800 DEOPT PACKING pc=0x00007f0a41513f6c sp=0x00007f0a5cc64180
Event: 0.304 Thread 0x00007f0a58018800 DEOPT UNPACKING pc=0x00007f0a48aa364f sp=0x00007f0a5cc63630 mode 0
Event: 0.305 Thread 0x00007f0a58018800 DEOPT PACKING pc=0x00007f0a41513f6c sp=0x00007f0a5cc64180
Event: 0.305 Thread 0x00007f0a58018800 DEOPT UNPACKING pc=0x00007f0a48aa364f sp=0x00007f0a5cc63630 mode 0
Event: 0.305 Thread 0x00007f0a58018800 DEOPT PACKING pc=0x00007f0a41513f6c sp=0x00007f0a5cc64180
Event: 0.305 Thread 0x00007f0a58018800 DEOPT UNPACKING pc=0x00007f0a48aa364f sp=0x00007f0a5cc63630 mode 0
Event: 0.305 Thread 0x00007f0a58018800 DEOPT PACKING pc=0x00007f0a41513f6c sp=0x00007f0a5cc64180
Event: 0.305 Thread 0x00007f0a58018800 DEOPT UNPACKING pc=0x00007f0a48aa364f sp=0x00007f0a5cc63630 mode 0
Event: 0.437 Thread 0x00007f0a58018800 Uncommon trap: trap_request=0xffffff45 fr.pc=0x00007f0a48fda3e8 relative=0x00000000000006a8
Event: 0.437 Thread 0x00007f0a58018800 Uncommon trap: reason=unstable_if action=reinterpret pc=0x00007f0a48fda3e8 method=java.util.zip.ZipFile$Source.checkAndAddEntry(II)I @ 50 c2
Event: 0.437 Thread 0x00007f0a58018800 DEOPT PACKING pc=0x00007f0a48fda3e8 sp=0x00007f0a5cc64b90
Event: 0.437 Thread 0x00007f0a58018800 DEOPT UNPACKING pc=0x00007f0a48aa2b19 sp=0x00007f0a5cc64b20 mode 2
Event: 2.476 Thread 0x00007f0a58018800 DEOPT PACKING pc=0x00007f0a415204b6 sp=0x00007f0a5cc62a40
Event: 2.476 Thread 0x00007f0a58018800 DEOPT UNPACKING pc=0x00007f0a48aa364f sp=0x00007f0a5cc61e80 mode 0
Event: 4.995 Thread 0x00007f0a58018800 DEOPT PACKING pc=0x00007f0a4151a642 sp=0x00007f0a5cc641c0
Event: 4.995 Thread 0x00007f0a58018800 DEOPT UNPACKING pc=0x00007f0a48aa364f sp=0x00007f0a5cc63658 mode 0
Event: 14.195 Thread 0x00007f0a58018800 Uncommon trap: trap_request=0xffffff6e fr.pc=0x00007f0a48fe5a44 relative=0x00000000000001a4
Event: 14.287 Thread 0x00007f0a58018800 Uncommon trap: reason=loop_limit_check action=maybe_recompile pc=0x00007f0a48fe5a44 method=java.lang.StringLatin1.lastIndexOf([BII)I @ 19 c2
Event: 14.392 Thread 0x00007f0a58018800 DEOPT PACKING pc=0x00007f0a48fe5a44 sp=0x00007f0a5cc631d0
Event: 14.568 Thread 0x00007f0a58018800 DEOPT UNPACKING pc=0x00007f0a48aa2b19 sp=0x00007f0a5cc63170 mode 2

Classes loaded (20 events):
Event: 8.194 Loading class jdk/internal/reflect/UTF8 done
Event: 8.371 Loading class jdk/internal/reflect/Label
Event: 8.382 Loading class jdk/internal/reflect/Label done
Event: 8.382 Loading class jdk/internal/reflect/Label$PatchInfo
Event: 8.385 Loading class jdk/internal/reflect/Label$PatchInfo done
Event: 8.389 Loading class jdk/internal/reflect/MethodAccessorGenerator$1
Event: 8.471 Loading class jdk/internal/reflect/MethodAccessorGenerator$1 done
Event: 8.478 Loading class jdk/internal/reflect/ClassDefiner
Event: 8.481 Loading class jdk/internal/reflect/ClassDefiner done
Event: 8.482 Loading class jdk/internal/reflect/ClassDefiner$1
Event: 8.489 Loading class jdk/internal/reflect/ClassDefiner$1 done
Event: 8.677 Loading class jdk/internal/reflect/BootstrapConstructorAccessorImpl
Event: 8.679 Loading class jdk/internal/reflect/BootstrapConstructorAccessorImpl done
Event: 9.191 Loading class java/lang/annotation/Repeatable
Event: 9.274 Loading class java/lang/annotation/Repeatable done
Event: 12.874 Loading class java/util/Stack
Event: 12.970 Loading class java/util/Vector
Event: 13.081 Loading class java/util/Vector done
Event: 13.094 Loading class java/util/Stack done
Event: 15.267 Loading class java/lang/StrictMath

Classes unloaded (0 events):
No events

Classes redefined (0 events):
No events

Internal exceptions (2 events):
Event: 0.798 Thread 0x00007f0a58018800 Exception <a 'java/lang/UnsatisfiedLinkError'{0x00000000e1b2b300}: 'void org.jetbrains.kotlin.org.fusesource.jansi.internal.CLibrary.init()'> (0x00000000e1b2b300) 
thrown [./src/hotspot/share/prims/nativeLookup.cpp, line 543]
Event: 0.799 Thread 0x00007f0a58018800 Exception <a 'java/lang/UnsatisfiedLinkError'{0x00000000e1b2b300}> (0x00000000e1b2b300) 
thrown [./src/hotspot/share/oops/instanceKlass.cpp, line 1216]

VM Operations (20 events):
Event: 0.602 Executing VM operation: HandshakeAllThreads
Event: 0.603 Executing VM operation: HandshakeAllThreads done
Event: 0.982 Executing VM operation: G1CollectForAllocation
Event: 0.996 Executing VM operation: G1CollectForAllocation done
Event: 1.996 Executing VM operation: Cleanup
Event: 1.998 Executing VM operation: Cleanup done
Event: 4.068 Executing VM operation: Cleanup
Event: 4.073 Executing VM operation: Cleanup done
Event: 5.075 Executing VM operation: Cleanup
Event: 5.079 Executing VM operation: Cleanup done
Event: 6.080 Executing VM operation: Cleanup
Event: 6.081 Executing VM operation: Cleanup done
Event: 7.083 Executing VM operation: Cleanup
Event: 7.089 Executing VM operation: Cleanup done
Event: 8.090 Executing VM operation: Cleanup
Event: 8.092 Executing VM operation: Cleanup done
Event: 9.092 Executing VM operation: Cleanup
Event: 9.169 Executing VM operation: Cleanup done
Event: 12.673 Executing VM operation: HandshakeAllThreads
Event: 12.679 Executing VM operation: HandshakeAllThreads done

Memory protections (11 events):
Event: 0.064 Protecting memory [0x00007f0a5cb67000,0x00007f0a5cb6b000] with protection modes 0
Event: 0.184 Protecting memory [0x00007f0a31dff000,0x00007f0a31e03000] with protection modes 0
Event: 0.184 Protecting memory [0x00007f0a31cfe000,0x00007f0a31d02000] with protection modes 0
Event: 0.193 Protecting memory [0x00007f0a31ba6000,0x00007f0a31baa000] with protection modes 0
Event: 0.195 Protecting memory [0x00007f0a31aa5000,0x00007f0a31aa9000] with protection modes 0
Event: 0.199 Protecting memory [0x00007f0a319a4000,0x00007f0a319a8000] with protection modes 0
Event: 0.199 Protecting memory [0x00007f0a318a3000,0x00007f0a318a7000] with protection modes 0
Event: 0.208 Protecting memory [0x00007f0a317a2000,0x00007f0a317a6000] with protection modes 0
Event: 0.209 Protecting memory [0x00007f0a316a1000,0x00007f0a316a5000] with protection modes 0
Event: 0.213 Protecting memory [0x00007f0a315a0000,0x00007f0a315a4000] with protection modes 0
Event: 0.216 Protecting memory [0x00007f0a3139e000,0x00007f0a313a2000] with protection modes 0

Nmethod flushes (0 events):
No events

Events (11 events):
Event: 0.179 Thread 0x00007f0a58018800 Thread added: 0x00007f0a58018800
Event: 0.184 Thread 0x00007f0a58018800 Thread added: 0x00007f0a58095740
Event: 0.184 Thread 0x00007f0a58018800 Thread added: 0x00007f0a58096b20
Event: 0.193 Thread 0x00007f0a58018800 Thread added: 0x00007f0a5809d730
Event: 0.195 Thread 0x00007f0a58018800 Thread added: 0x00007f0a5809eae0
Event: 0.199 Thread 0x00007f0a58018800 Thread added: 0x00007f0a5809fef0
Event: 0.199 Thread 0x00007f0a58018800 Thread added: 0x00007f0a580a18a0
Event: 0.206 Thread 0x00007f0a58018800 Thread added: 0x00007f0a580a2dd0
Event: 0.207 Thread 0x00007f0a58018800 Thread added: 0x00007f0a580a4240
Event: 0.213 Thread 0x00007f0a58018800 Thread added: 0x00007f0a580ac390
Event: 0.215 Thread 0x00007f0a58018800 Thread added: 0x00007f0a580af3c0


Dynamic libraries:
e0000000-e2000000 rw-p 00000000 00:00 0 
e2000000-ffe00000 ---p 00000000 00:00 0 
ffe00000-ffe75000 rw-p 00c7a000 00:25 13853                              /usr/lib/jvm/java-17-openjdk-amd64/lib/server/classes.jsa
ffe75000-fff00000 rw-p 00000000 00:00 0 
fff00000-fff78000 rw-p 00c02000 00:25 13853                              /usr/lib/jvm/java-17-openjdk-amd64/lib/server/classes.jsa
fff78000-100000000 rw-p 00000000 00:00 0 
564b679cb000-564b679cc000 r--p 00000000 00:25 13495                      /usr/lib/jvm/java-17-openjdk-amd64/bin/java
564b679cc000-564b679cd000 r-xp 00001000 00:25 13495                      /usr/lib/jvm/java-17-openjdk-amd64/bin/java
564b679cd000-564b679ce000 r--p 00002000 00:25 13495                      /usr/lib/jvm/java-17-openjdk-amd64/bin/java
564b679ce000-564b679cf000 r--p 00002000 00:25 13495                      /usr/lib/jvm/java-17-openjdk-amd64/bin/java
564b679cf000-564b679d0000 rw-p 00003000 00:25 13495                      /usr/lib/jvm/java-17-openjdk-amd64/bin/java
564b69498000-564b694df000 rw-p 00000000 00:00 0                          [heap]
7f09bc000000-7f09bc173000 rw-p 00000000 00:00 0 
7f09bc173000-7f09c0000000 ---p 00000000 00:00 0 
7f09c0000000-7f09c0021000 rw-p 00000000 00:00 0 
7f09c0021000-7f09c4000000 ---p 00000000 00:00 0 
7f09c4000000-7f09c4021000 rw-p 00000000 00:00 0 
7f09c4021000-7f09c8000000 ---p 00000000 00:00 0 
7f09c8000000-7f09c8151000 rw-p 00000000 00:00 0 
7f09c8151000-7f09cc000000 ---p 00000000 00:00 0 
7f09cc000000-7f09cc021000 rw-p 00000000 00:00 0 
7f09cc021000-7f09d0000000 ---p 00000000 00:00 0 
7f09d0000000-7f09d0021000 rw-p 00000000 00:00 0 
7f09d0021000-7f09d4000000 ---p 00000000 00:00 0 
7f09d4000000-7f09d4021000 rw-p 00000000 00:00 0 
7f09d4021000-7f09d8000000 ---p 00000000 00:00 0 
7f09d8000000-7f09d8021000 rw-p 00000000 00:00 0 
7f09d8021000-7f09dc000000 ---p 00000000 00:00 0 
7f09dc000000-7f09dc021000 rw-p 00000000 00:00 0 
7f09dc021000-7f09e0000000 ---p 00000000 00:00 0 
7f09e3000000-7f09e3455000 rw-p 00001000 00:25 13853                      /usr/lib/jvm/java-17-openjdk-amd64/lib/server/classes.jsa
7f09e3455000-7f09e3bca000 rw-p 00456000 00:25 13853                      /usr/lib/jvm/java-17-openjdk-amd64/lib/server/classes.jsa
7f09e3bca000-7f09e4000000 ---p 00000000 00:00 0 
7f09e4000000-7f09e4030000 rw-p 00000000 00:00 0 
7f09e4030000-7f09e4040000 ---p 00000000 00:00 0 
7f09e4040000-7f09e4060000 rw-p 00000000 00:00 0 
7f09e4060000-7f0a24000000 ---p 00000000 00:00 0 
7f0a24000000-7f0a24021000 rw-p 00000000 00:00 0 
7f0a24021000-7f0a28000000 ---p 00000000 00:00 0 
7f0a28000000-7f0a280f0000 rw-p 00000000 00:00 0 
7f0a28100000-7f0a28400000 ---p 00000000 00:00 0 
7f0a28400000-7f0a28620000 rw-p 00000000 00:00 0 
7f0a28620000-7f0a2c000000 ---p 00000000 00:00 0 
7f0a2c000000-7f0a2c021000 rw-p 00000000 00:00 0 
7f0a2c021000-7f0a30000000 ---p 00000000 00:00 0 
7f0a31000000-7f0a31003000 r-xp 00000000 fe:00 274102                     /tmp/jansi-2.4.0-310ae7afdb5b815a-libjansi.so
7f0a31003000-7f0a31202000 ---p 00003000 fe:00 274102                     /tmp/jansi-2.4.0-310ae7afdb5b815a-libjansi.so
7f0a31202000-7f0a31203000 rw-p 00002000 fe:00 274102                     /tmp/jansi-2.4.0-310ae7afdb5b815a-libjansi.so
7f0a3126b000-7f0a3126c000 ---p 00000000 00:00 0 
7f0a3126c000-7f0a3139d000 rw-p 00000000 00:00 0 
7f0a3139d000-7f0a3139e000 ---p 00000000 00:00 0 
7f0a3139e000-7f0a313a2000 ---p 00000000 00:00 0 
7f0a313a2000-7f0a3149e000 rw-p 00000000 00:00 0 
7f0a3149e000-7f0a3149f000 ---p 00000000 00:00 0 
7f0a3149f000-7f0a3159f000 rw-p 00000000 00:00 0 
7f0a3159f000-7f0a315a0000 ---p 00000000 00:00 0 
7f0a315a0000-7f0a315a4000 ---p 00000000 00:00 0 
7f0a315a4000-7f0a316a0000 rw-p 00000000 00:00 0 
7f0a316a0000-7f0a316a1000 ---p 00000000 00:00 0 
7f0a316a1000-7f0a316a5000 ---p 00000000 00:00 0 
7f0a316a5000-7f0a317a1000 rw-p 00000000 00:00 0 
7f0a317a1000-7f0a317a2000 ---p 00000000 00:00 0 
7f0a317a2000-7f0a317a6000 ---p 00000000 00:00 0 
7f0a317a6000-7f0a318a2000 rw-p 00000000 00:00 0 
7f0a318a2000-7f0a318a3000 ---p 00000000 00:00 0 
7f0a318a3000-7f0a318a7000 ---p 00000000 00:00 0 
7f0a318a7000-7f0a319a3000 rw-p 00000000 00:00 0 
7f0a319a3000-7f0a319a4000 ---p 00000000 00:00 0 
7f0a319a4000-7f0a319a8000 ---p 00000000 00:00 0 
7f0a319a8000-7f0a31aa4000 rw-p 00000000 00:00 0 
7f0a31aa4000-7f0a31aa5000 ---p 00000000 00:00 0 
7f0a31aa5000-7f0a31aa9000 ---p 00000000 00:00 0 
7f0a31aa9000-7f0a31ba5000 rw-p 00000000 00:00 0 
7f0a31ba5000-7f0a31ba6000 ---p 00000000 00:00 0 
7f0a31ba6000-7f0a31baa000 ---p 00000000 00:00 0 
7f0a31baa000-7f0a31ca6000 rw-p 00000000 00:00 0 
7f0a31ca6000-7f0a31cfd000 r--p 00000000 00:25 13893                      /usr/lib/locale/C.utf8/LC_CTYPE
7f0a31cfd000-7f0a31cfe000 ---p 00000000 00:00 0 
7f0a31cfe000-7f0a31d02000 ---p 00000000 00:00 0 
7f0a31d02000-7f0a31dfe000 rw-p 00000000 00:00 0 
7f0a31dfe000-7f0a31dff000 ---p 00000000 00:00 0 
7f0a31dff000-7f0a31e03000 ---p 00000000 00:00 0 
7f0a31e03000-7f0a31eff000 rw-p 00000000 00:00 0 
7f0a31eff000-7f0a31f00000 ---p 00000000 00:00 0 
7f0a31f00000-7f0a34000000 rw-p 00000000 00:00 0 
7f0a34000000-7f0a34021000 rw-p 00000000 00:00 0 
7f0a34021000-7f0a38000000 ---p 00000000 00:00 0 
7f0a38000000-7f0a38021000 rw-p 00000000 00:00 0 
7f0a38021000-7f0a3c000000 ---p 00000000 00:00 0 
7f0a3c000000-7f0a3c021000 rw-p 00000000 00:00 0 
7f0a3c021000-7f0a40000000 ---p 00000000 00:00 0 
7f0a40008000-7f0a4000c000 r--p 00000000 00:25 13834                      /usr/lib/jvm/java-17-openjdk-amd64/lib/libnet.so
7f0a4000c000-7f0a4001a000 r-xp 00004000 00:25 13834                      /usr/lib/jvm/java-17-openjdk-amd64/lib/libnet.so
7f0a4001a000-7f0a4001e000 r--p 00012000 00:25 13834                      /usr/lib/jvm/java-17-openjdk-amd64/lib/libnet.so
7f0a4001e000-7f0a4001f000 r--p 00015000 00:25 13834                      /usr/lib/jvm/java-17-openjdk-amd64/lib/libnet.so
7f0a4001f000-7f0a40020000 rw-p 00016000 00:25 13834                      /usr/lib/jvm/java-17-openjdk-amd64/lib/libnet.so
7f0a40020000-7f0a40025000 r--p 00000000 00:25 13828                      /usr/lib/jvm/java-17-openjdk-amd64/lib/libjsvml.so
7f0a40025000-7f0a40066000 r-xp 00005000 00:25 13828                      /usr/lib/jvm/java-17-openjdk-amd64/lib/libjsvml.so
7f0a40066000-7f0a400ef000 r--p 00046000 00:25 13828                      /usr/lib/jvm/java-17-openjdk-amd64/lib/libjsvml.so
7f0a400ef000-7f0a400f0000 r--p 000ce000 00:25 13828                      /usr/lib/jvm/java-17-openjdk-amd64/lib/libjsvml.so
7f0a400f0000-7f0a400f1000 rw-p 000cf000 00:25 13828                      /usr/lib/jvm/java-17-openjdk-amd64/lib/libjsvml.so
7f0a400f1000-7f0a4020e000 rw-p 00000000 00:00 0 
7f0a4020e000-7f0a4020f000 ---p 00000000 00:00 0 
7f0a4020f000-7f0a4030f000 rw-p 00000000 00:00 0 
7f0a4030f000-7f0a40310000 ---p 00000000 00:00 0 
7f0a40310000-7f0a40591000 rw-p 00000000 00:00 0 
7f0a40591000-7f0a40d09000 ---p 00000000 00:00 0 
7f0a40d09000-7f0a40d91000 rw-p 00000000 00:00 0 
7f0a40d91000-7f0a41509000 ---p 00000000 00:00 0 
7f0a41509000-7f0a41511000 rw-p 00000000 00:00 0 
7f0a41511000-7f0a41781000 rwxp 00000000 00:00 0 
7f0a41781000-7f0a48a49000 ---p 00000000 00:00 0 
7f0a48a49000-7f0a48cb9000 rwxp 00000000 00:00 0 
7f0a48cb9000-7f0a48fd8000 ---p 00000000 00:00 0 
7f0a48fd8000-7f0a49248000 rwxp 00000000 00:00 0 
7f0a49248000-7f0a50511000 ---p 00000000 00:00 0 
7f0a50511000-7f0a58000000 r--s 00000000 00:25 13844                      /usr/lib/jvm/java-17-openjdk-amd64/lib/modules
7f0a58000000-7f0a5867c000 rw-p 00000000 00:00 0 
7f0a5867c000-7f0a5c000000 ---p 00000000 00:00 0 
7f0a5c009000-7f0a5c00b000 r--p 00000000 00:25 13843                      /usr/lib/jvm/java-17-openjdk-amd64/lib/libzip.so
7f0a5c00b000-7f0a5c00f000 r-xp 00002000 00:25 13843                      /usr/lib/jvm/java-17-openjdk-amd64/lib/libzip.so
7f0a5c00f000-7f0a5c011000 r--p 00006000 00:25 13843                      /usr/lib/jvm/java-17-openjdk-amd64/lib/libzip.so
7f0a5c011000-7f0a5c012000 r--p 00007000 00:25 13843                      /usr/lib/jvm/java-17-openjdk-amd64/lib/libzip.so
7f0a5c012000-7f0a5c013000 rw-p 00008000 00:25 13843                      /usr/lib/jvm/java-17-openjdk-amd64/lib/libzip.so
7f0a5c013000-7f0a5c01a000 r--p 00000000 00:25 13835                      /usr/lib/jvm/java-17-openjdk-amd64/lib/libnio.so
7f0a5c01a000-7f0a5c023000 r-xp 00007000 00:25 13835                      /usr/lib/jvm/java-17-openjdk-amd64/lib/libnio.so
7f0a5c023000-7f0a5c027000 r--p 00010000 00:25 13835                      /usr/lib/jvm/java-17-openjdk-amd64/lib/libnio.so
7f0a5c027000-7f0a5c028000 r--p 00014000 00:25 13835                      /usr/lib/jvm/java-17-openjdk-amd64/lib/libnio.so
7f0a5c028000-7f0a5c029000 rw-p 00015000 00:25 13835                      /usr/lib/jvm/java-17-openjdk-amd64/lib/libnio.so
7f0a5c029000-7f0a5c02a000 r--p 00000000 00:25 13899                      /usr/lib/locale/C.utf8/LC_NUMERIC
7f0a5c02a000-7f0a5c02b000 r--p 00000000 00:25 13902                      /usr/lib/locale/C.utf8/LC_TIME
7f0a5c02b000-7f0a5c02c000 r--p 00000000 00:25 13892                      /usr/lib/locale/C.utf8/LC_COLLATE
7f0a5c02c000-7f0a5c02d000 r--p 00000000 00:25 13897                      /usr/lib/locale/C.utf8/LC_MONETARY
7f0a5c02d000-7f0a5c02e000 r--p 00000000 00:25 13896                      /usr/lib/locale/C.utf8/LC_MESSAGES/SYS_LC_MESSAGES
7f0a5c02e000-7f0a5c02f000 r--p 00000000 00:25 13900                      /usr/lib/locale/C.utf8/LC_PAPER
7f0a5c02f000-7f0a5c030000 r--p 00000000 00:25 13898                      /usr/lib/locale/C.utf8/LC_NAME
7f0a5c030000-7f0a5c037000 r--s 00000000 00:25 17585                      /usr/lib/x86_64-linux-gnu/gconv/gconv-modules.cache
7f0a5c037000-7f0a5c138000 rw-p 00000000 00:00 0 
7f0a5c138000-7f0a5c139000 ---p 00000000 00:00 0 
7f0a5c139000-7f0a5c239000 rw-p 00000000 00:00 0 
7f0a5c239000-7f0a5c23a000 ---p 00000000 00:00 0 
7f0a5c23a000-7f0a5c33a000 rw-p 00000000 00:00 0 
7f0a5c33a000-7f0a5c33b000 ---p 00000000 00:00 0 
7f0a5c33b000-7f0a5c45d000 rw-p 00000000 00:00 0 
7f0a5c45d000-7f0a5c54c000 ---p 00000000 00:00 0 
7f0a5c54c000-7f0a5c55d000 rw-p 00000000 00:00 0 
7f0a5c55d000-7f0a5c64c000 ---p 00000000 00:00 0 
7f0a5c64c000-7f0a5c65d000 rw-p 00000000 00:00 0 
7f0a5c65d000-7f0a5c74c000 ---p 00000000 00:00 0 
7f0a5c74c000-7f0a5c954000 rw-p 00000000 00:00 0 
7f0a5c954000-7f0a5ca3a000 ---p 00000000 00:00 0 
7f0a5ca3a000-7f0a5ca3f000 rw-p 00000000 00:00 0 
7f0a5ca3f000-7f0a5cb25000 ---p 00000000 00:00 0 
7f0a5cb25000-7f0a5cb2a000 rw-p 00000000 00:00 0 
7f0a5cb2a000-7f0a5cb31000 ---p 00000000 00:00 0 
7f0a5cb31000-7f0a5cb3d000 r--p 00000000 00:25 13820                      /usr/lib/jvm/java-17-openjdk-amd64/lib/libjava.so
7f0a5cb3d000-7f0a5cb4e000 r-xp 0000c000 00:25 13820                      /usr/lib/jvm/java-17-openjdk-amd64/lib/libjava.so
7f0a5cb4e000-7f0a5cb54000 r--p 0001d000 00:25 13820                      /usr/lib/jvm/java-17-openjdk-amd64/lib/libjava.so
7f0a5cb54000-7f0a5cb55000 r--p 00022000 00:25 13820                      /usr/lib/jvm/java-17-openjdk-amd64/lib/libjava.so
7f0a5cb55000-7f0a5cb56000 rw-p 00023000 00:25 13820                      /usr/lib/jvm/java-17-openjdk-amd64/lib/libjava.so
7f0a5cb56000-7f0a5cb57000 rw-p 00000000 00:00 0 
7f0a5cb57000-7f0a5cb5f000 rw-s 00000000 fe:00 274116                     /tmp/hsperfdata_root/1066
7f0a5cb5f000-7f0a5cb61000 r--p 00000000 00:25 13824                      /usr/lib/jvm/java-17-openjdk-amd64/lib/libjimage.so
7f0a5cb61000-7f0a5cb64000 r-xp 00002000 00:25 13824                      /usr/lib/jvm/java-17-openjdk-amd64/lib/libjimage.so
7f0a5cb64000-7f0a5cb65000 r--p 00005000 00:25 13824                      /usr/lib/jvm/java-17-openjdk-amd64/lib/libjimage.so
7f0a5cb65000-7f0a5cb66000 r--p 00006000 00:25 13824                      /usr/lib/jvm/java-17-openjdk-amd64/lib/libjimage.so
7f0a5cb66000-7f0a5cb67000 rw-p 00007000 00:25 13824                      /usr/lib/jvm/java-17-openjdk-amd64/lib/libjimage.so
7f0a5cb67000-7f0a5cb6b000 ---p 00000000 00:00 0 
7f0a5cb6b000-7f0a5cc67000 rw-p 00000000 00:00 0 
7f0a5cc67000-7f0a5cc6a000 r--p 00000000 00:25 17971                      /usr/lib/x86_64-linux-gnu/libgcc_s.so.1
7f0a5cc6a000-7f0a5cc81000 r-xp 00003000 00:25 17971                      /usr/lib/x86_64-linux-gnu/libgcc_s.so.1
7f0a5cc81000-7f0a5cc85000 r--p 0001a000 00:25 17971                      /usr/lib/x86_64-linux-gnu/libgcc_s.so.1
7f0a5cc85000-7f0a5cc86000 r--p 0001d000 00:25 17971                      /usr/lib/x86_64-linux-gnu/libgcc_s.so.1
7f0a5cc86000-7f0a5cc87000 rw-p 0001e000 00:25 17971                      /usr/lib/x86_64-linux-gnu/libgcc_s.so.1
7f0a5cc87000-7f0a5cc97000 r--p 00000000 00:25 18072                      /usr/lib/x86_64-linux-gnu/libm.so.6
7f0a5cc97000-7f0a5cd0b000 r-xp 00010000 00:25 18072                      /usr/lib/x86_64-linux-gnu/libm.so.6
7f0a5cd0b000-7f0a5cd65000 r--p 00084000 00:25 18072                      /usr/lib/x86_64-linux-gnu/libm.so.6
7f0a5cd65000-7f0a5cd66000 r--p 000dd000 00:25 18072                      /usr/lib/x86_64-linux-gnu/libm.so.6
7f0a5cd66000-7f0a5cd67000 rw-p 000de000 00:25 18072                      /usr/lib/x86_64-linux-gnu/libm.so.6
7f0a5cd67000-7f0a5ce00000 r--p 00000000 00:25 18239                      /usr/lib/x86_64-linux-gnu/libstdc++.so.6.0.30
7f0a5ce00000-7f0a5cf01000 r-xp 00099000 00:25 18239                      /usr/lib/x86_64-linux-gnu/libstdc++.so.6.0.30
7f0a5cf01000-7f0a5cf70000 r--p 0019a000 00:25 18239                      /usr/lib/x86_64-linux-gnu/libstdc++.so.6.0.30
7f0a5cf70000-7f0a5cf7b000 r--p 00209000 00:25 18239                      /usr/lib/x86_64-linux-gnu/libstdc++.so.6.0.30
7f0a5cf7b000-7f0a5cf7e000 rw-p 00214000 00:25 18239                      /usr/lib/x86_64-linux-gnu/libstdc++.so.6.0.30
7f0a5cf7e000-7f0a5cf81000 rw-p 00000000 00:00 0 
7f0a5cf81000-7f0a5d1d2000 r--p 00000000 00:25 13856                      /usr/lib/jvm/java-17-openjdk-amd64/lib/server/libjvm.so
7f0a5d1d2000-7f0a5df24000 r-xp 00251000 00:25 13856                      /usr/lib/jvm/java-17-openjdk-amd64/lib/server/libjvm.so
7f0a5df24000-7f0a5e1a6000 r--p 00fa3000 00:25 13856                      /usr/lib/jvm/java-17-openjdk-amd64/lib/server/libjvm.so
7f0a5e1a6000-7f0a5e25e000 r--p 01225000 00:25 13856                      /usr/lib/jvm/java-17-openjdk-amd64/lib/server/libjvm.so
7f0a5e25e000-7f0a5e293000 rw-p 012dd000 00:25 13856                      /usr/lib/jvm/java-17-openjdk-amd64/lib/server/libjvm.so
7f0a5e293000-7f0a5e2ef000 rw-p 00000000 00:00 0 
7f0a5e2ef000-7f0a5e315000 r--p 00000000 00:25 17860                      /usr/lib/x86_64-linux-gnu/libc.so.6
7f0a5e315000-7f0a5e46b000 r-xp 00026000 00:25 17860                      /usr/lib/x86_64-linux-gnu/libc.so.6
7f0a5e46b000-7f0a5e4be000 r--p 0017c000 00:25 17860                      /usr/lib/x86_64-linux-gnu/libc.so.6
7f0a5e4be000-7f0a5e4c2000 r--p 001cf000 00:25 17860                      /usr/lib/x86_64-linux-gnu/libc.so.6
7f0a5e4c2000-7f0a5e4c4000 rw-p 001d3000 00:25 17860                      /usr/lib/x86_64-linux-gnu/libc.so.6
7f0a5e4c4000-7f0a5e4d1000 rw-p 00000000 00:00 0 
7f0a5e4d1000-7f0a5e4d3000 r--p 00000000 00:25 13825                      /usr/lib/jvm/java-17-openjdk-amd64/lib/libjli.so
7f0a5e4d3000-7f0a5e4dc000 r-xp 00002000 00:25 13825                      /usr/lib/jvm/java-17-openjdk-amd64/lib/libjli.so
7f0a5e4dc000-7f0a5e4df000 r--p 0000b000 00:25 13825                      /usr/lib/jvm/java-17-openjdk-amd64/lib/libjli.so
7f0a5e4df000-7f0a5e4e0000 r--p 0000d000 00:25 13825                      /usr/lib/jvm/java-17-openjdk-amd64/lib/libjli.so
7f0a5e4e0000-7f0a5e4e1000 rw-p 0000e000 00:25 13825                      /usr/lib/jvm/java-17-openjdk-amd64/lib/libjli.so
7f0a5e4e1000-7f0a5e4e4000 r--p 00000000 00:25 1006                       /usr/lib/x86_64-linux-gnu/libz.so.1.2.13
7f0a5e4e4000-7f0a5e4f7000 r-xp 00003000 00:25 1006                       /usr/lib/x86_64-linux-gnu/libz.so.1.2.13
7f0a5e4f7000-7f0a5e4fe000 r--p 00016000 00:25 1006                       /usr/lib/x86_64-linux-gnu/libz.so.1.2.13
7f0a5e4fe000-7f0a5e4ff000 r--p 0001c000 00:25 1006                       /usr/lib/x86_64-linux-gnu/libz.so.1.2.13
7f0a5e4ff000-7f0a5e500000 rw-p 0001d000 00:25 1006                       /usr/lib/x86_64-linux-gnu/libz.so.1.2.13
7f0a5e500000-7f0a5e501000 r--p 00000000 00:25 13891                      /usr/lib/locale/C.utf8/LC_ADDRESS
7f0a5e501000-7f0a5e502000 r--p 00000000 00:25 13901                      /usr/lib/locale/C.utf8/LC_TELEPHONE
7f0a5e502000-7f0a5e503000 r--p 00000000 00:25 13895                      /usr/lib/locale/C.utf8/LC_MEASUREMENT
7f0a5e503000-7f0a5e504000 r--p 00000000 00:25 13894                      /usr/lib/locale/C.utf8/LC_IDENTIFICATION
7f0a5e504000-7f0a5e505000 ---p 00000000 00:00 0 
7f0a5e505000-7f0a5e506000 r--p 00000000 00:00 0 
7f0a5e506000-7f0a5e507000 ---p 00000000 00:00 0 
7f0a5e507000-7f0a5e509000 rw-p 00000000 00:00 0 
7f0a5e509000-7f0a5e50a000 r--p 00000000 00:25 17646                      /usr/lib/x86_64-linux-gnu/ld-linux-x86-64.so.2
7f0a5e50a000-7f0a5e530000 r-xp 00001000 00:25 17646                      /usr/lib/x86_64-linux-gnu/ld-linux-x86-64.so.2
7f0a5e530000-7f0a5e53a000 r--p 00027000 00:25 17646                      /usr/lib/x86_64-linux-gnu/ld-linux-x86-64.so.2
7f0a5e53a000-7f0a5e53c000 r--p 00031000 00:25 17646                      /usr/lib/x86_64-linux-gnu/ld-linux-x86-64.so.2
7f0a5e53c000-7f0a5e53e000 rw-p 00033000 00:25 17646                      /usr/lib/x86_64-linux-gnu/ld-linux-x86-64.so.2
7ffec8476000-7ffec8497000 rw-p 00000000 00:00 0                          [stack]
7ffec852f000-7ffec8532000 r--p 00000000 00:00 0                          [vvar]
7ffec8532000-7ffec8534000 r-xp 00000000 00:00 0                          [vdso]
ffffffffff600000-ffffffffff601000 r-xp 00000000 00:00 0                  [vsyscall]


VM Arguments:
java_command: org.jetbrains.kotlin.cli.jvm.K2JVMCompiler @/workspace/node_modules/@react-native/gradle-plugin/shared/build/20260905_14161277206743395200.compiler.options
java_class_path (initial): /root/.gradle/caches/modules-2/files-2.1/org.jetbrains.kotlin/kotlin-compiler-embeddable/2.1.20/4ef56b3316798316bfac7a0ae443391c9e900ea1/kotlin-compiler-embeddable-2.1.20.jar:/root/.gradle/caches/modules-2/files-2.1/org.jetbrains.kotlin/kotlin-stdlib/2.1.20/aa8ca79cd50578314f6d1180c47cbe14c0fee567/kotlin-stdlib-2.1.20.jar:/root/.gradle/caches/modules-2/files-2.1/org.jetbrains.kotlin/kotlin-script-runtime/2.1.20/f7c623d7f7bdb01f5ccd6b437bc0a937fcd7c57e/kotlin-script-runtime-2.1.20.jar:/root/.gradle/caches/modules-2/files-2.1/org.jetbrains.kotlin/kotlin-reflect/1.6.10/1cbe9c92c12a94eea200d23c2bbaedaf3daf5132/kotlin-reflect-1.6.10.jar:/root/.gradle/caches/modules-2/files-2.1/org.jetbrains.kotlin/kotlin-daemon-embeddable/2.1.20/95670fce77befd02a70a0bc3abe8ee4533521334/kotlin-daemon-embeddable-2.1.20.jar:/root/.gradle/caches/modules-2/files-2.1/org.jetbrains.intellij.deps/trove4j/1.0.20200330/3afb14d5f9ceb459d724e907a21145e8ff394f02/trove4j-1.0.20200330.jar:/root/.gradle/caches/modules-2/files-2.1/org.jetbrains.kotlinx/kotlinx-coroutines-core-jvm/1.8.0/ac1dc37a30a93150b704022f8d895ee1bd3a36b3/kotlinx-coroutines-core-jvm-1.8.0.jar:/root/.gradle/caches/modules-2/files-2.1/org.jetbrains/annotations/13.0/919f0dfe192fb4e063e7dacadee7f8bb9a2672a9/annotations-13.0.jar
Launcher Type: SUN_STANDARD

[Global flags]
     intx CICompilerCount                          = 2                                         {product} {ergonomic}
     uint ConcGCThreads                            = 1                                         {product} {ergonomic}
     uint G1ConcRefinementThreads                  = 2                                         {product} {ergonomic}
   size_t G1HeapRegionSize                         = 1048576                                   {product} {ergonomic}
    uintx GCDrainStackTargetSize                   = 64                                        {product} {ergonomic}
   size_t InitialHeapSize                          = 33554432                                  {product} {ergonomic}
   size_t MarkStackSize                            = 4194304                                   {product} {ergonomic}
   size_t MaxHeapSize                              = 536870912                                 {product} {ergonomic}
   size_t MaxNewSize                               = 321912832                                 {product} {ergonomic}
   size_t MinHeapDeltaBytes                        = 1048576                                   {product} {ergonomic}
   size_t MinHeapSize                              = 8388608                                   {product} {ergonomic}
    uintx NonNMethodCodeHeapSize                   = 5826188                                {pd product} {ergonomic}
    uintx NonProfiledCodeHeapSize                  = 122916026                              {pd product} {ergonomic}
    uintx ProfiledCodeHeapSize                     = 122916026                              {pd product} {ergonomic}
    uintx ReservedCodeCacheSize                    = 251658240                              {pd product} {ergonomic}
     bool SegmentedCodeCache                       = true                                      {product} {ergonomic}
   size_t SoftMaxHeapSize                          = 536870912                              {manageable} {ergonomic}
     bool UseCompressedClassPointers               = true                           {product lp64_product} {ergonomic}
     bool UseCompressedOops                        = true                           {product lp64_product} {ergonomic}
     bool UseG1GC                                  = true                                      {product} {ergonomic}

Logging:
Log output configuration:
 #0: stdout all=warning uptime,level,tags
 #1: stderr all=off uptime,level,tags

Environment Variables:
PATH=/usr/local/sbin:/usr/local/bin:/usr/sbin:/usr/bin:/sbin:/bin
SHELL=/bin/bash
LANG=C.UTF-8
LC_ALL=C.UTF-8
TERM=tmux-256color

Active Locale:
LC_ALL=C.UTF-8
LC_COLLATE=C.UTF-8
LC_CTYPE=C.UTF-8
LC_MESSAGES=C.UTF-8
LC_MONETARY=C.UTF-8
LC_NUMERIC=C.UTF-8
LC_TIME=C.UTF-8

Signal Handlers:
   SIGSEGV: crash_handler in libjvm.so, mask=11100100010111111101111111111110, flags=SA_RESTART|SA_SIGINFO, unblocked
    SIGBUS: crash_handler in libjvm.so, mask=11100100010111111101111111111110, flags=SA_RESTART|SA_SIGINFO, unblocked
    SIGFPE: crash_handler in libjvm.so, mask=11100100010111111101111111111110, flags=SA_RESTART|SA_SIGINFO, unblocked
   SIGPIPE: javaSignalHandler in libjvm.so, mask=11100100010111111101111111111110, flags=SA_RESTART|SA_SIGINFO, unblocked
   SIGXFSZ: javaSignalHandler in libjvm.so, mask=11100100010111111101111111111110, flags=SA_RESTART|SA_SIGINFO, unblocked
    SIGILL: crash_handler in libjvm.so, mask=11100100010111111101111111111110, flags=SA_RESTART|SA_SIGINFO, unblocked
   SIGUSR2: SR_handler in libjvm.so, mask=00100000000000000000000000000000, flags=SA_RESTART|SA_SIGINFO, unblocked
    SIGHUP: UserHandler in libjvm.so, mask=11100100010111111101111111111110, flags=SA_RESTART|SA_SIGINFO, unblocked
    SIGINT: UserHandler in libjvm.so, mask=11100100010111111101111111111110, flags=SA_RESTART|SA_SIGINFO, unblocked
   SIGTERM: UserHandler in libjvm.so, mask=11100100010111111101111111111110, flags=SA_RESTART|SA_SIGINFO, unblocked
   SIGQUIT: UserHandler in libjvm.so, mask=11100100010111111101111111111110, flags=SA_RESTART|SA_SIGINFO, blocked
   SIGTRAP: crash_handler in libjvm.so, mask=11100100010111111101111111111110, flags=SA_RESTART|SA_SIGINFO, unblocked


Periodic native trim disabled


---------------  S Y S T E M  ---------------

OS:
PRETTY_NAME="Debian GNU/Linux 12 (bookworm)"
NAME="Debian GNU/Linux"
VERSION_ID="12"
VERSION="12 (bookworm)"
VERSION_CODENAME=bookworm
ID=debian
HOME_URL="https://www.debian.org/"
SUPPORT_URL="https://www.debian.org/support"
BUG_REPORT_URL="https://bugs.debian.org/"
uname: Linux 4.19.91-c8dfc93.al7.x86_64 #1 SMP Tue Sep 26 10:25:51 UTC 2023 x86_64
OS uptime: 0 days 0:07 hours
libc: glibc 2.36 NPTL 2.36 
rlimit (soft/hard): STACK 8192k/infinity , CORE 0k/0k , NPROC 100000/100000 , NOFILE 100000/100000 , AS infinity/infinity , CPU infinity/infinity , DATA infinity/infinity , FSIZE infinity/infinity , MEMLOCK 64k/64k
load average: 4.83 1.38 0.48

/proc/meminfo:
MemTotal:        2152516 kB
MemFree:           75328 kB
MemAvailable:      58680 kB
Buffers:             416 kB
Cached:            20796 kB
SwapCached:            0 kB
Active:          1987980 kB
Inactive:          12808 kB
Active(anon):    1979764 kB
Inactive(anon):       16 kB
Active(file):       8216 kB
Inactive(file):    12792 kB
Unevictable:           0 kB
Mlocked:               0 kB
SwapTotal:             0 kB
SwapFree:              0 kB
Dirty:               100 kB
Writeback:             0 kB
AnonPages:       1979716 kB
Mapped:            16400 kB
Shmem:                32 kB
Slab:              26048 kB
SReclaimable:      13180 kB
SUnreclaim:        12868 kB
KernelStack:        3268 kB
PageTables:         5724 kB
NFS_Unstable:          0 kB
Bounce:                0 kB
WritebackTmp:          0 kB
CommitLimit:     1076256 kB
Committed_AS:    2443416 kB
VmallocTotal:   34359738367 kB
VmallocUsed:           0 kB
VmallocChunk:          0 kB
Percpu:              400 kB
AnonHugePages:    229376 kB
ShmemHugePages:        0 kB
ShmemPmdMapped:        0 kB
HugePages_Total:       0
HugePages_Free:        0
HugePages_Rsvd:        0
HugePages_Surp:        0
Hugepagesize:       2048 kB
Hugetlb:               0 kB
DirectMap4k:        8192 kB
DirectMap2M:     2523136 kB
DirectMap1G:           0 kB

/sys/kernel/mm/transparent_hugepage/enabled: [always] madvise never
/sys/kernel/mm/transparent_hugepage/hpage_pmd_size: 2097152
/sys/kernel/mm/transparent_hugepage/defrag (defrag/compaction efforts parameter): always defer defer+madvise madvise [never]

Process Memory:
Virtual Size: 3118236K (peak: 3119320K)
Resident Set Size: 38232K (peak: 38232K) (anon: 38232K, file: 0K, shmem: 0K)
Swapped out: 0K
C-Heap outstanding allocations: 12729K, retained: 4070K
glibc malloc tunables: (default)

/proc/sys/kernel/threads-max (system-wide limit on the number of threads): 1129
/proc/sys/vm/max_map_count (maximum number of memory map areas a process may have): 65530
/proc/sys/vm/swappiness (control to define how aggressively the kernel swaps out anonymous memory): 60
/proc/sys/kernel/pid_max (system-wide limit on number of process identifiers): 32768

container (cgroup) information:
container_type: cgroupv1
cpu_cpuset_cpus: 0-1
cpu_memory_nodes: 0
active_processor_count: 2
cpu_quota: no quota
cpu_period: 100000
cpu_shares: 12288
memory_limit_in_bytes: 2097152 k
memory_and_swap_limit_in_bytes: unlimited
memory_soft_limit_in_bytes: unlimited
memory_usage_in_bytes: 2016892 k
memory_max_usage_in_bytes: 2071192 k
rss_usage_in_bytes: 1973252 k
cache_usage_in_bytes: 21072 k
kernel_memory_limit_in_bytes: unlimited
kernel_memory_usage_in_bytes: 22436 k
kernel_memory_max_usage_in_bytes: 206900 k
maximum number of tasks: unlimited
current number of tasks: 129

KVM virtualization detected
Steal ticks since vm start: 1269
Steal ticks percentage since vm start:  0.332

CPU: total 2 (initial active 2) (2 cores per cpu, 1 threads per core) family 6 model 85 stepping 7 microcode 0x1, cx8, cmov, fxsr, mmx, 3dnowpref, sse, sse2, sse3, ssse3, sse4.1, sse4.2, popcnt, lzcnt, tsc, tscinvbit, avx, avx2, aes, erms, clmul, bmi1, bmi2, adx, avx512f, avx512dq, avx512cd, avx512bw, avx512vl, fma, vzeroupper, avx512_vnni, clflush, clflushopt, clwb, hv
CPU Model and flags from /proc/cpuinfo:
model name	: Intel(R) Xeon(R) Processor @ 2.50GHz
flags		: fpu vme de pse tsc msr pae mce cx8 apic sep mtrr pge mca cmov pat pse36 clflush mmx fxsr sse sse2 ss ht syscall nx pdpe1gb rdtscp lm constant_tsc rep_good nopl xtopology nonstop_tsc cpuid tsc_known_freq pni pclmulqdq ssse3 fma cx16 pcid sse4_1 sse4_2 x2apic movbe popcnt tsc_deadline_timer aes xsave avx f16c rdrand hypervisor lahf_lm abm 3dnowprefetch cpuid_fault invpcid_single ssbd ibrs ibpb stibp ibrs_enhanced fsgsbase tsc_adjust bmi1 avx2 smep bmi2 erms invpcid mpx avx512f avx512dq rdseed adx smap clflushopt clwb avx512cd avx512bw avx512vl xsaveopt xsavec xgetbv1 xsaves umip avx512_vnni md_clear arch_capabilities

Online cpus: 0-1
Offline cpus: 
BIOS frequency limitation: <Not Available>
Frequency switch latency (ns): <Not Available>
Available cpu frequencies: <Not Available>
Current governor: <Not Available>
Core performance/turbo boost: <Not Available>

Memory: 4k page, physical 2097152k(80260k free), swap 0k(0k free)
Page Sizes: 4k

vm_info: OpenJDK 64-Bit Server VM (17.0.20+8-1-deb12u1-Debian) for linux-amd64 JRE (17.0.20+8-1-deb12u1-Debian), built on Jul 28 2026 07:08:51 by "buildd" with gcc 12.2.0

END.
